Mm, Mm, Mm, Mm, Mm, Mm, Mm, Mm, Mm, Mm, Mm, Mm, Mm, Mm, Mm, Mm, Mm, Ss, Chs, Chs, Chs, Cm
Mm, Mm, Mm, Mm, Mm, Mm, Ss^Vhs, Hh, Hh, Mm, Mm, Mm, Mm, Mm, Hh, Hh, Hh, Ss, Chs, 5 Khs, Chs, Chs
Mm, Mm, Mm, Ss, Ss, Ss, Ss, Ss, Mm, Mm, Mm, Mm, Hh, Mm, Ss, Ss^Vhs, Ss, Ss, Ss, Chs, Ss, Chs
Mm, Mm, Hh, Ss^Vhs, Ss, Ss, Re, Ss, Mm, Mm, Ss^Vhs, Hh, Ss, Ss, Re, Ss, Ss, Ss, Re, Ss, Ss^Vhs, Ss
Hh, Hh, Ss, Ss, Re, Ss, Ss, Ss, Ss, Ss, Re, Ss, Re, Re, Re, Ss, Ss^Vhs, Ss, Re, Ss, Hh, Hh
Hh, Hh, Ss, Ss, Re, Ss, Ss, Ss, Ss, Ss, Re, Hhd, Ss, Ss, Ss, Re, Ss, Re, Ss, Ss, Mm, Mm
Hh, Ss, Ss, Ss, Ss^Vhs, Re, Ss, Ss, Ss, Ss^Vhs, Ss, Re, Ss, Ss, Ss, Ss, Ss, Ss, Mm, Mm, Mm, Mm
Ss, Ss, Ss, Re, Re, Hhd, Re, Ss, Ss, Re, Ss, Re, Re, Re, Ss, Ss, Hh, Mm, Hh, Hh, Hh, Mm
Ss, Chs, Chs, Ss, Ss, Ss, Ss, Ss, Re, Re, Ss, Ss, Ss, Re, Re, Ss, Ss, Ss^Vhs, Ss, Ss, Chs, Hh
Ss, 3 Khs, Chs, Ss, Ss, Ss^Vhs, Ss, Re, Hhd, Hhd, Cte, Cte, Cte, Re, Re, Ss, Ss, Ss, Ss, Chs, 4 Khs, Ss
Ss, Chs, Ss, Ss, Ss, Ss, Re, Ss, Cte, Cte, Cte, 2 Kte, Cte, Ss, Re, Ss, Ss, Ss, Ss, Chs, Chs, Ss
Ss, Ss, Ss, Ss^Vhs, Ss, Ss, Re, Ss, Cte, 1 Kte, Cte, Cte, Hhd, Ss, Ss, Re, Ss, Ss^Vhs, Re, Ss, Ss, Ss
Ss, Ss, Re, Ss, Re, Re, Re, Ss, Ss, Cte, Ss, Hhd, Hhd, Re, Ss, Ss, Ss, Hhd, Re, Ss, Ss^Vhs, Mm
Ss, Ss, Hhd, Ss, Ss, Ss^Vhs, Ss, Re, Ss, Ss, Re, Re, Re, Re, Ss, Ss^Vhs, Ss, Re, Ss, Ss, Mm, Mm
Ss, Re, Re, Re, Ss, Ss, Ss, Ss, Ss, Re, Re, Ss, Ss, Ss, Ss, Ss, Mm, Ss, Mm, Mm, Mm, Mm
Hh, Ss, Ss, Ss, Ss, Ss, Ss, Re, Re, Ss, Ss, Ss^Vhs, Ss, Ss, Mm, Ss, Mm, Mm, Mm, Mm, Mm, Mm
Hh, Ss, Ss, Ss, Re, Ss^Vhs, Re, Ss, Ss, Re, Ss, Ss, Ss, Ss, Ss, Mm, Ss^Vhs, Mm, Ss^Vhs, Mm, Mm, Mm
Hh, Hh, Ss^Vhs, Ss, Ss, Re, Hhd, Ss, Ss, Re, Ss, Ss, Re, Hhd, Re, Ss, Re, Ss, Ss, Hh, Mm, Mm
Hh, Ss, Ss, Ss, Ss, Re, Re, Ss, Ss, Ss^Vhs, Mm, Ss, Ss, Re, Ss, Re, Ss, Re, Ss, Hh, Mm, Mm
Chs, Ss, Chs, Ss, Ss, Re, Ss, Re, Ss, Ss, Hh, Mm, Ss, Re, Ss, Ss^Vhs, Ss, Ss, Hh, Hh, Hh, Mm
Chs, Chs, 6 Khs, Chs, Ss, Ss, Ss^Vhs, Hh, Mm, Hh, Mm, Mm, Mm, Mm, Ss, Ss, Ss, Ss^Vhs, Ss, Ss, Hh, Hh
Chs, Chs, Chs, Chs, Ss, Ss, Hh, Hh, Mm, Mm, Mm, Mm, Mm, Mm, Mm, Mm, Mm, Ss, Ss, Ss, Hh, Hh
